[
    {
        "id": 1,
        "created_at": "2022-01-14T08:00:00.000000Z",
        "updated_at": "2022-01-14T08:00:00.000000Z",
        "activity": "DX77",
        "type": "FLIGHT",
        "check_in_time": "2022-01-31T07:45:00.000000Z",
        "check_out_time": null,
        "time_from": "2022-01-31T08:45:00.000000Z",
        "time_to": "2022-01-31T09:35:00.000000Z",
        "location_from": "KRP",
        "location_to": "CPH"
    },
    {
        "id": 2,
        "created_at": "2022-01-14T08:00:00.000000Z",
        "updated_at": "2022-01-14T08:00:00.000000Z",
        "activity": "DX77",
        "type": "FLIGHT",
        "check_in_time": "2022-02-01T07:45:00.000000Z",
        "check_out_time": null,
        "time_from": "2022-02-01T08:45:00.000000Z",
        "time_to": "2022-02-01T09:35:00.000000Z",
        "location_from": "KRP",
        "location_to": "CPH"
    },
    {
        "id": 3,
        "created_at": "2022-01-14T08:00:00.000000Z",
        "updated_at": "2022-01-14T08:00:00.000000Z",
        "activity": "DX77",
        "type": "FLIGHT",
        "check_in_time": "2022-01-02T07:45:00.000000Z",
        "check_out_time": null,
        "time_from": "2022-01-02T08:45:00.000000Z",
        "time_to": "2022-01-02T09:35:00.000000Z",
        "location_from": "KRP",
        "location_to": "CPH"
    }
]
