{
    "current_page": 1,
    "data": [
        {
            "id": 1,
            "created_at": "2022-01-14T08:00:00.000000Z",
            "updated_at": "2022-01-14T08:00:00.000000Z",
            "activity": "DX77",
            "type": "FLIGHT",
            "check_in_time": "2022-01-10T07:45:00.000000Z",
            "check_out_time": null,
            "time_from": "2022-01-10T08:45:00.000000Z",
            "time_to": "2022-01-10T09:35:00.000000Z",
            "location_from": "KRP",
            "location_to": "CPH"
        },
        {
            "id": 3,
            "created_at": "2022-01-14T08:00:00.000000Z",
            "updated_at": "2022-01-14T08:00:00.000000Z",
            "activity": "DX83",
            "type": "FLIGHT",
            "check_in_time": null,
            "check_out_time": null,
            "time_from": "2022-01-10T15:20:00.000000Z",
            "time_to": "2022-01-10T16:10:00.000000Z",
            "location_from": "KRP",
            "location_to": "CPH"
        },
        {
            "id": 5,
            "created_at": "2022-01-14T08:00:00.000000Z",
            "updated_at": "2022-01-14T08:00:00.000000Z",
            "activity": "DX77",
            "type": "FLIGHT",
            "check_in_time": "2022-01-11T07:45:00.000000Z",
            "check_out_time": null,
            "time_from": "2022-01-11T08:45:00.000000Z",
            "time_to": "2022-01-11T09:35:00.000000Z",
            "location_from": "KRP",
            "location_to": "CPH"
        },
        {
            "id": 7,
            "created_at": "2022-01-14T08:00:00.000000Z",
            "updated_at": "2022-01-14T08:00:00.000000Z",
            "activity": "DX83",
            "type": "FLIGHT",
            "check_in_time": null,
            "check_out_time": null,
            "time_from": "2022-01-11T15:20:00.000000Z",
            "time_to": "2022-01-11T16:10:00.000000Z",
            "location_from": "KRP",
            "location_to": "CPH"
        },
        {
            "id": 14,
            "created_at": "2022-01-14T08:00:00.000000Z",
            "updated_at": "2022-01-14T08:00:00.000000Z",
            "activity": "DX77",
            "type": "FLIGHT",
            "check_in_time": "2022-01-17T07:45:00.000000Z",
            "check_out_time": null,
            "time_from": "2022-01-17T08:45:00.000000Z",
            "time_to": "2022-01-17T09:35:00.000000Z",
            "location_from": "KRP",
            "location_to": "CPH"
        },
        {
            "id": 16,
            "created_at": "2022-01-14T08:00:00.000000Z",
            "updated_at": "2022-01-14T08:00:00.000000Z",
            "activity": "DX83",
            "type": "FLIGHT",
            "check_in_time": null,
            "check_out_time": null,
            "time_from": "2022-01-17T15:20:00.000000Z",
            "time_to": "2022-01-17T16:10:00.000000Z",
            "location_from": "KRP",
            "location_to": "CPH"
        },
        {
            "id": 20,
            "created_at": "2022-01-14T08:00:00.000000Z",
            "updated_at": "2022-01-14T08:00:00.000000Z",
            "activity": "DX73",
            "type": "FLIGHT",
            "check_in_time": "2022-01-20T05:00:00.000000Z",
            "check_out_time": null,
            "time_from": "2022-01-20T06:00:00.000000Z",
            "time_to": "2022-01-20T06:50:00.000000Z",
            "location_from": "KRP",
            "location_to": "CPH"
        },
        {
            "id": 22,
            "created_at": "2022-01-14T08:00:00.000000Z",
            "updated_at": "2022-01-14T08:00:00.000000Z",
            "activity": "DX77",
            "type": "FLIGHT",
            "check_in_time": null,
            "check_out_time": null,
            "time_from": "2022-01-20T08:45:00.000000Z",
            "time_to": "2022-01-20T09:35:00.000000Z",
            "location_from": "KRP",
            "location_to": "CPH"
        },
        {
            "id": 24,
            "created_at": "2022-01-14T08:00:00.000000Z",
            "updated_at": "2022-01-14T08:00:00.000000Z",
            "activity": "DX73",
            "type": "FLIGHT",
            "check_in_time": "2022-01-21T05:00:00.000000Z",
            "check_out_time": null,
            "time_from": "2022-01-21T06:00:00.000000Z",
            "time_to": "2022-01-21T06:50:00.000000Z",
            "location_from": "KRP",
            "location_to": "CPH"
        },
        {
            "id": 26,
            "created_at": "2022-01-14T08:00:00.000000Z",
            "updated_at": "2022-01-14T08:00:00.000000Z",
            "activity": "DX77",
            "type": "FLIGHT",
            "check_in_time": null,
            "check_out_time": null,
            "time_from": "2022-01-21T08:45:00.000000Z",
            "time_to": "2022-01-21T09:35:00.000000Z",
            "location_from": "KRP",
            "location_to": "CPH"
        },
        {
            "id": 32,
            "created_at": "2022-01-14T08:00:00.000000Z",
            "updated_at": "2022-01-14T08:00:00.000000Z",
            "activity": "DX79",
            "type": "FLIGHT",
            "check_in_time": "2022-01-23T09:45:00.000000Z",
            "check_out_time": null,
            "time_from": "2022-01-23T10:45:00.000000Z",
            "time_to": "2022-01-23T11:35:00.000000Z",
            "location_from": "KRP",
            "location_to": "CPH"
        },
        {
            "id": 34,
            "created_at": "2022-01-14T08:00:00.000000Z",
            "updated_at": "2022-01-14T08:00:00.000000Z",
            "activity": "DX85",
            "type": "FLIGHT",
            "check_in_time": null,
            "check_out_time": null,
            "time_from": "2022-01-23T17:20:00.000000Z",
            "time_to": "2022-01-23T18:10:00.000000Z",
            "location_from": "KRP",
            "location_to": "CPH"
        }
    ],
    "first_page_url": "http:\/\/localhost\/api\/activities?page=1",
    "from": 1,
    "last_page": 1,
    "last_page_url": "http:\/\/localhost\/api\/activities?page=1",
    "links": [
        {
            "url": null,
            "label": "&laquo; Previous",
            "active": false
        },
        {
            "url": "http:\/\/localhost\/api\/activities?page=1",
            "label": "1",
            "active": true
        },
        {
            "url": null,
            "label": "Next &raquo;",
            "active": false
        }
    ],
    "next_page_url": null,
    "path": "http:\/\/localhost\/api\/activities",
    "per_page": 50,
    "prev_page_url": null,
    "to": 12,
    "total": 12
}
