[
    {
        "id": 1,
        "created_at": "2022-01-14T08:00:00.000000Z",
        "updated_at": "2022-01-14T08:00:00.000000Z",
        "activity": "DX77",
        "type": "FLIGHT",
        "check_in_time": "2022-01-10T07:45:00.000000Z",
        "check_out_time": null,
        "time_from": "2022-01-10T08:45:00.000000Z",
        "time_to": "2022-01-10T09:35:00.000000Z",
        "location_from": "KRP",
        "location_to": "CPH"
    },
    {
        "id": 2,
        "created_at": "2022-01-14T08:00:00.000000Z",
        "updated_at": "2022-01-14T08:00:00.000000Z",
        "activity": "DX80",
        "type": "FLIGHT",
        "check_in_time": null,
        "check_out_time": null,
        "time_from": "2022-01-10T13:45:00.000000Z",
        "time_to": "2022-01-10T14:35:00.000000Z",
        "location_from": "CPH",
        "location_to": "KRP"
    },
    {
        "id": 3,
        "created_at": "2022-01-14T08:00:00.000000Z",
        "updated_at": "2022-01-14T08:00:00.000000Z",
        "activity": "DX83",
        "type": "FLIGHT",
        "check_in_time": null,
        "check_out_time": null,
        "time_from": "2022-01-10T15:20:00.000000Z",
        "time_to": "2022-01-10T16:10:00.000000Z",
        "location_from": "KRP",
        "location_to": "CPH"
    },
    {
        "id": 4,
        "created_at": "2022-01-14T08:00:00.000000Z",
        "updated_at": "2022-01-14T08:00:00.000000Z",
        "activity": "DX82",
        "type": "FLIGHT",
        "check_in_time": null,
        "check_out_time": "2022-01-10 17:55:00",
        "time_from": "2022-01-10T16:45:00.000000Z",
        "time_to": "2022-01-10T17:35:00.000000Z",
        "location_from": "CPH",
        "location_to": "KRP"
    },
    {
        "id": 5,
        "created_at": "2022-01-14T08:00:00.000000Z",
        "updated_at": "2022-01-14T08:00:00.000000Z",
        "activity": "DX77",
        "type": "FLIGHT",
        "check_in_time": "2022-01-11T07:45:00.000000Z",
        "check_out_time": null,
        "time_from": "2022-01-11T08:45:00.000000Z",
        "time_to": "2022-01-11T09:35:00.000000Z",
        "location_from": "KRP",
        "location_to": "CPH"
    },
    {
        "id": 6,
        "created_at": "2022-01-14T08:00:00.000000Z",
        "updated_at": "2022-01-14T08:00:00.000000Z",
        "activity": "DX80",
        "type": "FLIGHT",
        "check_in_time": null,
        "check_out_time": null,
        "time_from": "2022-01-11T13:45:00.000000Z",
        "time_to": "2022-01-11T14:35:00.000000Z",
        "location_from": "CPH",
        "location_to": "KRP"
    },
    {
        "id": 7,
        "created_at": "2022-01-14T08:00:00.000000Z",
        "updated_at": "2022-01-14T08:00:00.000000Z",
        "activity": "DX83",
        "type": "FLIGHT",
        "check_in_time": null,
        "check_out_time": null,
        "time_from": "2022-01-11T15:20:00.000000Z",
        "time_to": "2022-01-11T16:10:00.000000Z",
        "location_from": "KRP",
        "location_to": "CPH"
    },
    {
        "id": 8,
        "created_at": "2022-01-14T08:00:00.000000Z",
        "updated_at": "2022-01-14T08:00:00.000000Z",
        "activity": "DX82",
        "type": "FLIGHT",
        "check_in_time": null,
        "check_out_time": "2022-01-11 17:55:00",
        "time_from": "2022-01-11T16:45:00.000000Z",
        "time_to": "2022-01-11T17:35:00.000000Z",
        "location_from": "CPH",
        "location_to": "KRP"
    },
    {
        "id": 9,
        "created_at": "2022-01-14T08:00:00.000000Z",
        "updated_at": "2022-01-14T08:00:00.000000Z",
        "activity": "OFF",
        "type": "DAY_OFF",
        "check_in_time": null,
        "check_out_time": null,
        "time_from": "2022-01-12T23:00:00.000000Z",
        "time_to": "2022-01-12T23:00:00.000000Z",
        "location_from": "KRP",
        "location_to": "KRP"
    },
    {
        "id": 10,
        "created_at": "2022-01-14T08:00:00.000000Z",
        "updated_at": "2022-01-14T08:00:00.000000Z",
        "activity": "OFF",
        "type": "DAY_OFF",
        "check_in_time": null,
        "check_out_time": null,
        "time_from": "2022-01-13T23:00:00.000000Z",
        "time_to": "2022-01-13T23:00:00.000000Z",
        "location_from": "KRP",
        "location_to": "KRP"
    },
    {
        "id": 11,
        "created_at": "2022-01-14T08:00:00.000000Z",
        "updated_at": "2022-01-14T08:00:00.000000Z",
        "activity": "OFF",
        "type": "DAY_OFF",
        "check_in_time": null,
        "check_out_time": null,
        "time_from": "2022-01-14T23:00:00.000000Z",
        "time_to": "2022-01-14T23:00:00.000000Z",
        "location_from": "KRP",
        "location_to": "KRP"
    },
    {
        "id": 12,
        "created_at": "2022-01-14T08:00:00.000000Z",
        "updated_at": "2022-01-14T08:00:00.000000Z",
        "activity": "SBY",
        "type": "STAND_BY",
        "check_in_time": "2022-01-15T05:00:00.000000Z",
        "check_out_time": "2022-01-15 17:00:00",
        "time_from": "2022-01-15T05:00:00.000000Z",
        "time_to": "2022-01-15T17:00:00.000000Z",
        "location_from": "KRP",
        "location_to": "KRP"
    },
    {
        "id": 13,
        "created_at": "2022-01-14T08:00:00.000000Z",
        "updated_at": "2022-01-14T08:00:00.000000Z",
        "activity": "SBY",
        "type": "STAND_BY",
        "check_in_time": "2022-01-16T05:00:00.000000Z",
        "check_out_time": "2022-01-16 17:00:00",
        "time_from": "2022-01-16T05:00:00.000000Z",
        "time_to": "2022-01-16T17:00:00.000000Z",
        "location_from": "KRP",
        "location_to": "KRP"
    },
    {
        "id": 14,
        "created_at": "2022-01-14T08:00:00.000000Z",
        "updated_at": "2022-01-14T08:00:00.000000Z",
        "activity": "DX77",
        "type": "FLIGHT",
        "check_in_time": "2022-01-17T07:45:00.000000Z",
        "check_out_time": null,
        "time_from": "2022-01-17T08:45:00.000000Z",
        "time_to": "2022-01-17T09:35:00.000000Z",
        "location_from": "KRP",
        "location_to": "CPH"
    },
    {
        "id": 15,
        "created_at": "2022-01-14T08:00:00.000000Z",
        "updated_at": "2022-01-14T08:00:00.000000Z",
        "activity": "DX80",
        "type": "FLIGHT",
        "check_in_time": null,
        "check_out_time": null,
        "time_from": "2022-01-17T13:45:00.000000Z",
        "time_to": "2022-01-17T14:35:00.000000Z",
        "location_from": "CPH",
        "location_to": "KRP"
    },
    {
        "id": 16,
        "created_at": "2022-01-14T08:00:00.000000Z",
        "updated_at": "2022-01-14T08:00:00.000000Z",
        "activity": "DX83",
        "type": "FLIGHT",
        "check_in_time": null,
        "check_out_time": null,
        "time_from": "2022-01-17T15:20:00.000000Z",
        "time_to": "2022-01-17T16:10:00.000000Z",
        "location_from": "KRP",
        "location_to": "CPH"
    },
    {
        "id": 17,
        "created_at": "2022-01-14T08:00:00.000000Z",
        "updated_at": "2022-01-14T08:00:00.000000Z",
        "activity": "DX82",
        "type": "FLIGHT",
        "check_in_time": null,
        "check_out_time": "2022-01-17 17:55:00",
        "time_from": "2022-01-17T16:45:00.000000Z",
        "time_to": "2022-01-17T17:35:00.000000Z",
        "location_from": "CPH",
        "location_to": "KRP"
    },
    {
        "id": 18,
        "created_at": "2022-01-14T08:00:00.000000Z",
        "updated_at": "2022-01-14T08:00:00.000000Z",
        "activity": "OFF",
        "type": "DAY_OFF",
        "check_in_time": null,
        "check_out_time": null,
        "time_from": "2022-01-18T23:00:00.000000Z",
        "time_to": "2022-01-18T23:00:00.000000Z",
        "location_from": "KRP",
        "location_to": "KRP"
    },
    {
        "id": 19,
        "created_at": "2022-01-14T08:00:00.000000Z",
        "updated_at": "2022-01-14T08:00:00.000000Z",
        "activity": "OFF",
        "type": "DAY_OFF",
        "check_in_time": null,
        "check_out_time": null,
        "time_from": "2022-01-19T23:00:00.000000Z",
        "time_to": "2022-01-19T23:00:00.000000Z",
        "location_from": "KRP",
        "location_to": "KRP"
    },
    {
        "id": 20,
        "created_at": "2022-01-14T08:00:00.000000Z",
        "updated_at": "2022-01-14T08:00:00.000000Z",
        "activity": "DX73",
        "type": "FLIGHT",
        "check_in_time": "2022-01-20T05:00:00.000000Z",
        "check_out_time": null,
        "time_from": "2022-01-20T06:00:00.000000Z",
        "time_to": "2022-01-20T06:50:00.000000Z",
        "location_from": "KRP",
        "location_to": "CPH"
    },
    {
        "id": 21,
        "created_at": "2022-01-14T08:00:00.000000Z",
        "updated_at": "2022-01-14T08:00:00.000000Z",
        "activity": "DX74",
        "type": "FLIGHT",
        "check_in_time": null,
        "check_out_time": null,
        "time_from": "2022-01-20T07:20:00.000000Z",
        "time_to": "2022-01-20T08:10:00.000000Z",
        "location_from": "CPH",
        "location_to": "KRP"
    },
    {
        "id": 22,
        "created_at": "2022-01-14T08:00:00.000000Z",
        "updated_at": "2022-01-14T08:00:00.000000Z",
        "activity": "DX77",
        "type": "FLIGHT",
        "check_in_time": null,
        "check_out_time": null,
        "time_from": "2022-01-20T08:45:00.000000Z",
        "time_to": "2022-01-20T09:35:00.000000Z",
        "location_from": "KRP",
        "location_to": "CPH"
    },
    {
        "id": 23,
        "created_at": "2022-01-14T08:00:00.000000Z",
        "updated_at": "2022-01-14T08:00:00.000000Z",
        "activity": "DX80",
        "type": "FLIGHT",
        "check_in_time": null,
        "check_out_time": "2022-01-20 14:30:00",
        "time_from": "2022-01-20T13:15:00.000000Z",
        "time_to": "2022-01-20T14:10:00.000000Z",
        "location_from": "CPH",
        "location_to": "KRP"
    },
    {
        "id": 24,
        "created_at": "2022-01-14T08:00:00.000000Z",
        "updated_at": "2022-01-14T08:00:00.000000Z",
        "activity": "DX73",
        "type": "FLIGHT",
        "check_in_time": "2022-01-21T05:00:00.000000Z",
        "check_out_time": null,
        "time_from": "2022-01-21T06:00:00.000000Z",
        "time_to": "2022-01-21T06:50:00.000000Z",
        "location_from": "KRP",
        "location_to": "CPH"
    },
    {
        "id": 25,
        "created_at": "2022-01-14T08:00:00.000000Z",
        "updated_at": "2022-01-14T08:00:00.000000Z",
        "activity": "DX74",
        "type": "FLIGHT",
        "check_in_time": null,
        "check_out_time": null,
        "time_from": "2022-01-21T07:20:00.000000Z",
        "time_to": "2022-01-21T08:10:00.000000Z",
        "location_from": "CPH",
        "location_to": "KRP"
    },
    {
        "id": 26,
        "created_at": "2022-01-14T08:00:00.000000Z",
        "updated_at": "2022-01-14T08:00:00.000000Z",
        "activity": "DX77",
        "type": "FLIGHT",
        "check_in_time": null,
        "check_out_time": null,
        "time_from": "2022-01-21T08:45:00.000000Z",
        "time_to": "2022-01-21T09:35:00.000000Z",
        "location_from": "KRP",
        "location_to": "CPH"
    },
    {
        "id": 27,
        "created_at": "2022-01-14T08:00:00.000000Z",
        "updated_at": "2022-01-14T08:00:00.000000Z",
        "activity": "DX80",
        "type": "FLIGHT",
        "check_in_time": null,
        "check_out_time": "2022-01-21 15:00:00",
        "time_from": "2022-01-21T13:45:00.000000Z",
        "time_to": "2022-01-21T14:40:00.000000Z",
        "location_from": "CPH",
        "location_to": "KRP"
    },
    {
        "id": 28,
        "created_at": "2022-01-14T08:00:00.000000Z",
        "updated_at": "2022-01-14T08:00:00.000000Z",
        "activity": "CAR",
        "type": "UNKNOWN",
        "check_in_time": "2022-01-22T05:55:00.000000Z",
        "check_out_time": null,
        "time_from": "2022-01-22T05:55:00.000000Z",
        "time_to": "2022-01-22T07:20:00.000000Z",
        "location_from": "KRP",
        "location_to": "EBJ"
    },
    {
        "id": 29,
        "created_at": "2022-01-14T08:00:00.000000Z",
        "updated_at": "2022-01-14T08:00:00.000000Z",
        "activity": "DX21",
        "type": "FLIGHT",
        "check_in_time": "2022-01-22T07:20:00.000000Z",
        "check_out_time": null,
        "time_from": "2022-01-22T08:20:00.000000Z",
        "time_to": "2022-01-22T09:30:00.000000Z",
        "location_from": "EBJ",
        "location_to": "SVG"
    },
    {
        "id": 30,
        "created_at": "2022-01-14T08:00:00.000000Z",
        "updated_at": "2022-01-14T08:00:00.000000Z",
        "activity": "DX22",
        "type": "FLIGHT",
        "check_in_time": null,
        "check_out_time": null,
        "time_from": "2022-01-22T10:00:00.000000Z",
        "time_to": "2022-01-22T11:10:00.000000Z",
        "location_from": "SVG",
        "location_to": "EBJ"
    },
    {
        "id": 31,
        "created_at": "2022-01-14T08:00:00.000000Z",
        "updated_at": "2022-01-14T08:00:00.000000Z",
        "activity": "CAR",
        "type": "UNKNOWN",
        "check_in_time": null,
        "check_out_time": "2022-01-22 13:10:00",
        "time_from": "2022-01-22T11:30:00.000000Z",
        "time_to": "2022-01-22T13:10:00.000000Z",
        "location_from": "EBJ",
        "location_to": "KRP"
    },
    {
        "id": 32,
        "created_at": "2022-01-14T08:00:00.000000Z",
        "updated_at": "2022-01-14T08:00:00.000000Z",
        "activity": "DX79",
        "type": "FLIGHT",
        "check_in_time": "2022-01-23T09:45:00.000000Z",
        "check_out_time": null,
        "time_from": "2022-01-23T10:45:00.000000Z",
        "time_to": "2022-01-23T11:35:00.000000Z",
        "location_from": "KRP",
        "location_to": "CPH"
    },
    {
        "id": 33,
        "created_at": "2022-01-14T08:00:00.000000Z",
        "updated_at": "2022-01-14T08:00:00.000000Z",
        "activity": "DX82",
        "type": "FLIGHT",
        "check_in_time": null,
        "check_out_time": null,
        "time_from": "2022-01-23T16:00:00.000000Z",
        "time_to": "2022-01-23T16:50:00.000000Z",
        "location_from": "CPH",
        "location_to": "KRP"
    },
    {
        "id": 34,
        "created_at": "2022-01-14T08:00:00.000000Z",
        "updated_at": "2022-01-14T08:00:00.000000Z",
        "activity": "DX85",
        "type": "FLIGHT",
        "check_in_time": null,
        "check_out_time": null,
        "time_from": "2022-01-23T17:20:00.000000Z",
        "time_to": "2022-01-23T18:10:00.000000Z",
        "location_from": "KRP",
        "location_to": "CPH"
    },
    {
        "id": 35,
        "created_at": "2022-01-14T08:00:00.000000Z",
        "updated_at": "2022-01-14T08:00:00.000000Z",
        "activity": "DX86",
        "type": "FLIGHT",
        "check_in_time": null,
        "check_out_time": "2022-01-23 19:50:00",
        "time_from": "2022-01-23T18:40:00.000000Z",
        "time_to": "2022-01-23T19:30:00.000000Z",
        "location_from": "CPH",
        "location_to": "KRP"
    }
]
